src/App.tsx(11,10): error TS1484: 'DashboardData' is a type and must be imported using a type-only import when 'verbatimModuleSyntax' is enabled.
src/components/AIInsights.tsx(3,10): error TS1484: 'DashboardData' is a type and must be imported using a type-only import when 'verbatimModuleSyntax' is enabled.
src/components/AIInsights.tsx(62,21): error TS2322: Type '{ hidden: { opacity: number; x: number; }; show: { opacity: number; x: number; transition: { type: string; stiffness: number; }; }; }' is not assignable to type 'Variants'.
  Property 'show' is incompatible with index signature.
    Type '{ opacity: number; x: number; transition: { type: string; stiffness: number; }; }' is not assignable to type 'Variant'.
      Type '{ opacity: number; x: number; transition: { type: string; stiffness: number; }; }' is not assignable to type 'TargetAndTransition'.
        Type '{ opacity: number; x: number; transition: { type: string; stiffness: number; }; }' is not assignable to type '{ transition?: Transition<any> | undefined; transitionEnd?: ResolvedValues$1 | undefined; }'.
          Types of property 'transition' are incompatible.
            Type '{ type: string; stiffness: number; }' is not assignable to type 'Transition<any> | undefined'.
              Type '{ type: string; stiffness: number; }' is not assignable to type 'TransitionWithValueOverrides<any>'.
                Type '{ type: string; stiffness: number; }' is not assignable to type 'ValueAnimationTransition<any>'.
                  Types of property 'type' are incompatible.
                    Type 'string' is not assignable to type 'AnimationGeneratorType | undefined'.
src/components/AIInsights.tsx(75,21): error TS2322: Type '{ hidden: { opacity: number; x: number; }; show: { opacity: number; x: number; transition: { type: string; stiffness: number; }; }; }' is not assignable to type 'Variants'.
  Property 'show' is incompatible with index signature.
    Type '{ opacity: number; x: number; transition: { type: string; stiffness: number; }; }' is not assignable to type 'Variant'.
      Type '{ opacity: number; x: number; transition: { type: string; stiffness: number; }; }' is not assignable to type 'TargetAndTransition'.
        Type '{ opacity: number; x: number; transition: { type: string; stiffness: number; }; }' is not assignable to type '{ transition?: Transition<any> | undefined; transitionEnd?: ResolvedValues$1 | undefined; }'.
          Types of property 'transition' are incompatible.
            Type '{ type: string; stiffness: number; }' is not assignable to type 'Transition<any> | undefined'.
              Type '{ type: string; stiffness: number; }' is not assignable to type 'TransitionWithValueOverrides<any>'.
                Type '{ type: string; stiffness: number; }' is not assignable to type 'ValueAnimationTransition<any>'.
                  Types of property 'type' are incompatible.
                    Type 'string' is not assignable to type 'AnimationGeneratorType | undefined'.
src/components/AIInsights.tsx(88,21): error TS2322: Type '{ hidden: { opacity: number; x: number; }; show: { opacity: number; x: number; transition: { type: string; stiffness: number; }; }; }' is not assignable to type 'Variants'.
  Property 'show' is incompatible with index signature.
    Type '{ opacity: number; x: number; transition: { type: string; stiffness: number; }; }' is not assignable to type 'Variant'.
      Type '{ opacity: number; x: number; transition: { type: string; stiffness: number; }; }' is not assignable to type 'TargetAndTransition'.
        Type '{ opacity: number; x: number; transition: { type: string; stiffness: number; }; }' is not assignable to type '{ transition?: Transition<any> | undefined; transitionEnd?: ResolvedValues$1 | undefined; }'.
          Types of property 'transition' are incompatible.
            Type '{ type: string; stiffness: number; }' is not assignable to type 'Transition<any> | undefined'.
              Type '{ type: string; stiffness: number; }' is not assignable to type 'TransitionWithValueOverrides<any>'.
                Type '{ type: string; stiffness: number; }' is not assignable to type 'ValueAnimationTransition<any>'.
                  Types of property 'type' are incompatible.
                    Type 'string' is not assignable to type 'AnimationGeneratorType | undefined'.
src/components/charts/CategoryAnalysis.tsx(7,10): error TS1484: 'TopProduct' is a type and must be imported using a type-only import when 'verbatimModuleSyntax' is enabled.
src/components/charts/CategoryAnalysis.tsx(7,22): error TS1484: 'CategoryData' is a type and must be imported using a type-only import when 'verbatimModuleSyntax' is enabled.
src/components/charts/CategoryAnalysis.tsx(107,37): error TS6133: 'entry' is declared but its value is never read.
src/components/charts/CategoryAnalysis.tsx(166,39): error TS6133: 'entry' is declared but its value is never read.
src/components/charts/ScatterAnalysis.tsx(6,10): error TS1484: 'ScatterPoint' is a type and must be imported using a type-only import when 'verbatimModuleSyntax' is enabled.
src/components/charts/TrendChart.tsx(6,10): error TS1484: 'MonthlyTrend' is a type and must be imported using a type-only import when 'verbatimModuleSyntax' is enabled.
src/components/Header.tsx(8,10): error TS6133: 'cn' is declared but its value is never read.
src/components/KPIGrid.tsx(2,18): error TS6133: 'useAnimation' is declared but its value is never read.
src/components/KPIGrid.tsx(3,10): error TS1484: 'KPIData' is a type and must be imported using a type-only import when 'verbatimModuleSyntax' is enabled.
src/components/MapSection.tsx(5,10): error TS1484: 'StateData' is a type and must be imported using a type-only import when 'verbatimModuleSyntax' is enabled.
src/components/MapSection.tsx(75,11): error TS2322: Type '{ children: (Element | (Element | null)[])[]; center: number[]; zoom: number; scrollWheelZoom: boolean; style: { height: string; width: string; background: string; }; className: string; }' is not assignable to type 'IntrinsicAttributes & MapContainerProps & RefAttributes<LeafletMap>'.
  Property 'center' does not exist on type 'IntrinsicAttributes & MapContainerProps & RefAttributes<LeafletMap>'.
src/components/MapSection.tsx(82,13): error TS2322: Type '{ attribution: string; url: string; }' is not assignable to type 'IntrinsicAttributes & TileLayerProps & RefAttributes<LeafletTileLayer>'.
  Property 'attribution' does not exist on type 'IntrinsicAttributes & TileLayerProps & RefAttributes<LeafletTileLayer>'.
src/components/MapSection.tsx(102,17): error TS2322: Type '{ children: Element; key: string; center: [number, number]; radius: number; pathOptions: { color: string; fillColor: string; fillOpacity: number; weight: number; }; }' is not assignable to type 'IntrinsicAttributes & CircleMarkerProps & RefAttributes<LeafletCircleMarker<any>>'.
  Property 'radius' does not exist on type 'IntrinsicAttributes & CircleMarkerProps & RefAttributes<LeafletCircleMarker<any>>'.
src/components/MapSection.tsx(111,19): error TS2322: Type '{ children: Element; direction: string; offset: number[]; opacity: number; className: string; }' is not assignable to type 'IntrinsicAttributes & TooltipProps & RefAttributes<LeafletTooltip>'.
  Property 'direction' does not exist on type 'IntrinsicAttributes & TooltipProps & RefAttributes<LeafletTooltip>'.
src/utils/dataParser.ts(1,18): error TS7016: Could not find a declaration file for module 'papaparse'. 'C:/Users/Tanish/OneDrive/Desktop/BusinessSalesProject/node_modules/papaparse/papaparse.js' implicitly has an 'any' type.
  Try `npm i --save-dev @types/papaparse` if it exists or add a new declaration (.d.ts) file containing `declare module 'papaparse';`
src/utils/dataParser.ts(3,3): error TS1484: 'SuperstoreRow' is a type and must be imported using a type-only import when 'verbatimModuleSyntax' is enabled.
src/utils/dataParser.ts(4,3): error TS1484: 'DashboardData' is a type and must be imported using a type-only import when 'verbatimModuleSyntax' is enabled.
src/utils/dataParser.ts(5,3): error TS1484: 'KPIData' is a type and must be imported using a type-only import when 'verbatimModuleSyntax' is enabled.
src/utils/dataParser.ts(6,3): error TS1484: 'MonthlyTrend' is a type and must be imported using a type-only import when 'verbatimModuleSyntax' is enabled.
src/utils/dataParser.ts(7,3): error TS1484: 'CategoryData' is a type and must be imported using a type-only import when 'verbatimModuleSyntax' is enabled.
src/utils/dataParser.ts(8,3): error TS1484: 'TopProduct' is a type and must be imported using a type-only import when 'verbatimModuleSyntax' is enabled.
src/utils/dataParser.ts(9,3): error TS1484: 'StateData' is a type and must be imported using a type-only import when 'verbatimModuleSyntax' is enabled.
src/utils/dataParser.ts(10,3): error TS1484: 'ScatterPoint' is a type and must be imported using a type-only import when 'verbatimModuleSyntax' is enabled.
src/utils/dataParser.ts(28,18): error TS7006: Parameter 'results' implicitly has an 'any' type.
vite.config.ts(3,25): error TS2307: Cannot find module '@tailwindcss/vite' or its corresponding type declarations.
